=== ThreadRadar starting at Fri May 29 17:35:23 UTC 2026 ===
Fetching NASDAQ tickers...
  NASDAQ: added 4157 tickers (total: 4157)
Fetching NYSE tickers...
  NYSE: added 2325 tickers (total: 6482)
Fetching AMEX tickers...
  AMEX: added 277 tickers (total: 6759)

Cached 6759 valid tickers to valid_tickers.json
✓ Scraper loaded VALID_TICKERS: 6759 tickers
✓ Proxy enabled: gate.decodo.com:10000
Extractor loaded, VALID_TICKERS size: 6759
AND in VALID_TICKERS: False
=== ThreadRadar ===

Database initialized successfully
Market open for 2026-05-29. Run is eligible for same-day / T+1 backtest.
Step 1: Fetching posts...

Fetching r/VampireStocks (bearish signal source)...
    Failed r/VampireStocks/new page 0: 403
    Failed r/VampireStocks/hot: 403
  Processing 0 VampireStocks posts...
  VampireStocks: 0 bearish tickers flagged

Fetching r/pennystocks...
    Failed r/pennystocks/new page 0: 403
    Failed r/pennystocks/hot: 403

Fetching r/smallstreetbets...
    Failed r/smallstreetbets/new page 0: 403
    Failed r/smallstreetbets/hot: 403

Fetching r/Pennystock...
    Failed r/Pennystock/new page 0: 403
    Failed r/Pennystock/hot: 403

Fetching r/RobinHoodPennyStocks...
    Failed r/RobinHoodPennyStocks/new page 0: 403
