=== ThreadRadar starting at Fri May  1 10:07:38 UTC 2026 ===
Fetching NASDAQ tickers...
  NASDAQ: added 4101 tickers (total: 4101)
Fetching NYSE tickers...
  NYSE: added 2327 tickers (total: 6428)
Fetching AMEX tickers...
  AMEX: added 277 tickers (total: 6705)

Cached 6705 valid tickers to valid_tickers.json
✓ Scraper loaded VALID_TICKERS: 6705 tickers
✓ Proxy enabled: gate.decodo.com:10000
Extractor loaded, VALID_TICKERS size: 6705
AND in VALID_TICKERS: False
=== ThreadRadar ===

Traceback (most recent call last):
  File "/home/runner/work/ThreadRadar/ThreadRadar/backend/main.py", line 376, in <module>
    init_db()
  File "/home/runner/work/ThreadRadar/ThreadRadar/backend/database.py", line 24, in init_db
    conn.executescript("""-- Core table: one row per stock per day
sqlite3.OperationalError: near "(": syntax error
=== Main pipeline done at Fri May  1 10:07:54 UTC 2026 ===
=== Price updater starting at Fri May  1 10:07:54 UTC 2026 ===
=== Price Updater — 2026-05-01 ===

Updating T+1 prices for 63 stocks...
  HMR | flagged @ $0.8 → T+1 @ $0.823 | return: +2.87%
  FATN | flagged @ $2.48 → T+1 @ $3.04 | return: +22.58%
  QUCY | flagged @ $0.46 → T+1 @ $0.4265 | return: -7.28%
  SOAR | flagged @ $0.22 → T+1 @ $0.236 | return: +7.27%
  CURI | flagged @ $3.09 → T+1 @ $3.15 | return: +1.94%
  SOUN | flagged @ $7.71 → T+1 @ $7.96 | return: +3.24%
  FLYX | flagged @ $1.92 → T+1 @ $2.11 | return: +9.90%
  REKR | flagged @ $0.79 → T+1 @ $0.8198 | return: +3.77%
  EVGN | flagged @ $0.76 → T+1 @ $0.78 | return: +2.63%
  ATCH | flagged @ $0.29 → T+1 @ $0.2983 | return: +2.86%
  NPV | flagged @ $11.57 → T+1 @ $11.59 | return: +0.17%
  SRXH | flagged @ $0.11 → T+1 @ $0.1139 | return: +3.55%
  NCI | flagged @ $0.95 → T+1 @ $1.049 | return: +10.42%
  VIVO | flagged @ $3.09 → T+1 @ $3.32 | return: +7.44%
  GRPN | flagged @ $14.24 → T+1 @ $14.21 | return: -0.21%
  NOK | flagged @ $12.46 → T+1 @ $12.91 | return: +3.61%
  ARAI | flagged @ $0.71 → T+1 @ $0.6997 | return: -1.45%
  INDI | flagged @ $4.09 → T+1 @ $4.51 | return: +10.27%
  PGEN | flagged @ $4.12 → T+1 @ $4.16 | return: +0.97%
  AEC | flagged @ $4.88 → T+1 @ $5.0 | return: +2.46%
  RMSG | flagged @ $1.38 → T+1 @ $1.55 | return: +12.32%
  SLNH | flagged @ $1.28 → T+1 @ $1.66 | return: +29.69%
  VEEE | flagged @ $0.17 → T+1 @ $0.1482 | return: -12.82%
  OSRH | flagged @ $0.46 → T+1 @ $0.7029 | return: +52.80%
  ATER | flagged @ $1.06 → T+1 @ $0.95 | return: -10.38%
  SNBR | flagged @ $3.03 → T+1 @ $3.01 | return: -0.66%
  HOVR | flagged @ $1.92 → T+1 @ $2.26 | return: +17.71%
  HITI | flagged @ $2.4 → T+1 @ $2.44 | return: +1.67%
  MIGI | flagged @ $4.71 → T+1 @ $4.71 | return: +0.00%
  WEN | flagged @ $6.76 → T+1 @ $6.96 | return: +2.96%
  EDIT | flagged @ $2.82 → T+1 @ $3.0 | return: +6.38%
  POET | flagged @ $6.6 → T+1 @ $7.12 | return: +7.88%
  JTAI | flagged @ $6.31 → T+1 @ $6.81 | return: +7.92%
  BTBD | flagged @ $2.25 → T+1 @ $1.86 | return: -17.33%
  INHD | flagged @ $0.12 → T+1 @ $0.0864 | return: -28.00%
  HUMA | flagged @ $0.82 → T+1 @ $0.8418 | return: +2.66%
  LFVN | flagged @ $5.05 → T+1 @ $5.05 | return: +0.00%
  IPW | flagged @ $0.95 → T+1 @ $0.874 | return: -8.00%
  AUUD | flagged @ $1.69 → T+1 @ $1.75 | return: +3.55%
  DVLT | flagged @ $0.7 → T+1 @ $0.7258 | return: +3.69%
  KITT | flagged @ $2.32 → T+1 @ $2.41 | return: +3.88%
  EONR | flagged @ $0.82 → T+1 @ $0.776 | return: -5.37%
  GCTK | flagged @ $0.92 → T+1 @ $0.8539 | return: -7.18%
  ROLR | flagged @ $9.4 → T+1 @ $8.88 | return: -5.53%
  SEGG | flagged @ $1.18 → T+1 @ $1.27 | return: +7.63%
  FLWS | flagged @ $3.49 → T+1 @ $3.54 | return: +1.43%
  CTNT | flagged @ $3.37 → T+1 @ $3.25 | return: -3.56%
  NXXT | flagged @ $0.36 → T+1 @ $0.3703 | return: +2.86%
  ATLN | flagged @ $1.76 → T+1 @ $1.49 | return: -15.34%
  BIYA | flagged @ $1.9 → T+1 @ $1.98 | return: +4.21%
  SST | flagged @ $3.67 → T+1 @ $3.24 | return: -11.72%
  LINK | flagged @ $2.85 → T+1 @ $2.81 | return: -1.40%
  AIXI | flagged @ $0.9 → T+1 @ $0.9737 | return: +8.19%
  ANNA | flagged @ $4.03 → T+1 @ $3.81 | return: -5.46%
  LCID | flagged @ $5.76 → T+1 @ $6.37 | return: +10.59%
  KOS | flagged @ $3.06 → T+1 @ $3.08 | return: +0.65%
  TACO | flagged @ $10.35 → T+1 @ $10.35 | return: +0.00%
  VSA | flagged @ $0.79 → T+1 @ $0.8004 | return: +1.32%
  RILY | flagged @ $7.56 → T+1 @ $8.59 | return: +13.62%
  QCLS | flagged @ $3.61 → T+1 @ $3.75 | return: +3.88%
  III | flagged @ $4.04 → T+1 @ $4.08 | return: +0.99%
  FCHL | flagged @ $0.14 → T+1 @ $0.1053 | return: -24.79%
  IRS | flagged @ $14.17 → T+1 @ $13.97 | return: -1.41%

Updating T+3 prices for 61 stocks...
  MITQ | flagged @ $0.69 → T+3 @ $0.6358 | return: -7.86%
  CMPS | flagged @ $8.89 → T+3 @ $9.06 | return: +1.91%
  LEXX | flagged @ $0.95 → T+3 @ $0.659 | return: -30.63%
  CMND | flagged @ $0.73 → T+3 @ $0.7124 | return: -2.41%
  FLYX | flagged @ $2.1 → T+3 @ $2.11 | return: +0.48%
  POLA | flagged @ $1.79 → T+3 @ $1.82 | return: +1.68%
  VIVO | flagged @ $3.4 → T+3 @ $3.32 | return: -2.35%
  SRXH | flagged @ $0.12 → T+3 @ $0.1139 | return: -5.08%
  RMSG | flagged @ $1.42 → T+3 @ $1.55 | return: +9.15%
  EVGN | flagged @ $0.78 → T+3 @ $0.78 | return: +0.00%
  ONCO | flagged @ $0.74 → T+3 @ $0.6945 | return: -6.15%
  IPM | flagged @ $1.73 → T+3 @ $1.83 | return: +5.78%
  CMPX | flagged @ $1.79 → T+3 @ $1.77 | return: -1.12%
  AEC | flagged @ $5.4 → T+3 @ $5.0 | return: -7.41%
  GRPN | flagged @ $14.96 → T+3 @ $14.21 | return: -5.01%
  BULL | flagged @ $7.14 → T+3 @ $6.83 | return: -4.34%
  PBM | flagged @ $7.05 → T+3 @ $6.59 | return: -6.52%
  SLNH | flagged @ $1.13 → T+3 @ $1.66 | return: +46.90%
  EDIT | flagged @ $2.89 → T+3 @ $3.0 | return: +3.81%
  HITI | flagged @ $2.55 → T+3 @ $2.44 | return: -4.31%
  IPW | flagged @ $0.98 → T+3 @ $0.874 | return: -10.82%
  LFVN | flagged @ $5.51 → T+3 @ $5.05 | return: -8.35%
  ATAI | flagged @ $4.34 → T+3 @ $4.16 | return: -4.15%
  INDI | flagged @ $3.96 → T+3 @ $4.51 | return: +13.89%
  USEG | flagged @ $1.06 → T+3 @ $1.09 | return: +2.83%
  MIGI | flagged @ $6.39 → T+3 @ $4.71 | return: -26.29%
  ATOM | flagged @ $7.63 → T+3 @ $8.18 | return: +7.21%
  CYCU | flagged @ $0.86 → T+3 @ $1.05 | return: +22.09%
  KIDZ | flagged @ $0.97 → T+3 @ $0.9358 | return: -3.53%
  NUAI | flagged @ $4.0 → T+3 @ $3.94 | return: -1.50%
  DKI | flagged @ $0.52 → T+3 @ $0.5298 | return: +1.88%
  III | flagged @ $4.07 → T+3 @ $4.08 | return: +0.25%
  WEN | flagged @ $6.9 → T+3 @ $6.96 | return: +0.87%
  SPCE | flagged @ $2.54 → T+3 @ $2.38 | return: -6.30%
  NXXT | flagged @ $0.43 → T+3 @ $0.3703 | return: -13.88%
  BURU | flagged @ $0.28 → T+3 @ $0.32 | return: +14.29%
  SEGG | flagged @ $0.93 → T+3 @ $1.27 | return: +36.56%
  SIDU | flagged @ $3.35 → T+3 @ $3.28 | return: -2.09%
  ANNA | flagged @ $3.83 → T+3 @ $3.81 | return: -0.52%
  FLWS | flagged @ $3.79 → T+3 @ $3.54 | return: -6.60%
  ILLR | flagged @ $0.19 → T+3 @ $0.238 | return: +25.26%
  BBBY | SKIPPING — excluded ticker
  JTAI | flagged @ $6.67 → T+3 @ $6.81 | return: +2.10%
  YAAS | flagged @ $2.32 → T+3 @ $1.18 | return: -49.14%
  FFAI | flagged @ $0.36 → T+3 @ $0.4362 | return: +21.17%
  LCID | flagged @ $5.93 → T+3 @ $6.37 | return: +7.42%
  SST | flagged @ $4.02 → T+3 @ $3.24 | return: -19.40%
  SLS | flagged @ $4.88 → T+3 @ $4.95 | return: +1.43%
  EONR | flagged @ $0.79 → T+3 @ $0.776 | return: -1.77%
  DVLT | flagged @ $0.72 → T+3 @ $0.7258 | return: +0.81%
  UCAR | flagged @ $1.81 → T+3 @ $1.65 | return: -8.84%
  PDT | flagged @ $13.1 → T+3 @ $13.23 | return: +0.99%
  AUUD | flagged @ $1.5 → T+3 @ $1.75 | return: +16.67%
  LINK | flagged @ $2.91 → T+3 @ $2.81 | return: -3.44%
  KEEL | flagged @ $3.14 → T+3 @ $3.03 | return: -3.50%
  VSA | flagged @ $1.1 → T+3 @ $0.8004 | return: -27.24%
  RILY | flagged @ $7.75 → T+3 @ $8.59 | return: +10.84%
  QCLS | flagged @ $3.96 → T+3 @ $3.75 | return: -5.30%
  HELP | flagged @ $5.4 → T+3 @ $5.31 | return: -1.67%
  FCHL | flagged @ $0.17 → T+3 @ $0.1053 | return: -38.06%
  POET | flagged @ $7.95 → T+3 @ $7.12 | return: -10.44%

Updating T+7 prices for 62 stocks...
  BOOM | flagged @ $5.65 → T+7 @ $6.18 | return: +9.38%
  QSI | flagged @ $0.94 → T+7 @ $0.9806 | return: +4.32%
  FLYX | flagged @ $2.15 → T+7 @ $2.11 | return: -1.86%
  SKLZ | flagged @ $12.45 → T+7 @ $8.06 | return: -35.26%
  BANL | flagged @ $0.46 → T+7 @ $0.48 | return: +4.35%
  LEO | flagged @ $6.33 → T+7 @ $6.32 | return: -0.16%
  EDIT | flagged @ $3.21 → T+7 @ $3.0 | return: -6.54%
  POET | flagged @ $11.72 → T+7 @ $7.12 | return: -39.25%
  FUBO | flagged @ $12.27 → T+7 @ $12.32 | return: +0.41%
  MSS | split already adjusted — skipping re-adjustment
  MSS | flagged @ $1.1 [split-adjusted] → T+7 @ $1.23 | return: +11.82%
  IQST | flagged @ $1.88 → T+7 @ $1.44 | return: -23.40%
  DUOT | flagged @ $8.52 → T+7 @ $8.8 | return: +3.29%
  EVGN | flagged @ $0.79 → T+7 @ $0.78 | return: -1.27%
  BULL | flagged @ $6.91 → T+7 @ $6.83 | return: -1.16%
  CGC | flagged @ $1.22 → T+7 @ $1.11 | return: -9.02%
  WEN | flagged @ $6.93 → T+7 @ $6.96 | return: +0.43%
  LSE | flagged @ $4.97 → T+7 @ $5.2459 | return: +5.55%
  HITI | flagged @ $2.4 → T+7 @ $2.44 | return: +1.67%
  USEG | flagged @ $0.9 → T+7 @ $1.09 | return: +21.11%
  DVLT | flagged @ $0.74 → T+7 @ $0.7258 | return: -1.92%
  QCLS | flagged @ $3.7 → T+7 @ $3.75 | return: +1.35%
  GRPN | flagged @ $14.62 → T+7 @ $14.21 | return: -2.80%
  SIDU | flagged @ $3.71 → T+7 @ $3.28 | return: -11.59%
  ENVB | flagged @ $4.02 → T+7 @ $3.95 | return: -1.74%
  AGPU | flagged @ $7.1 → T+7 @ $5.91 | return: -16.76%
  KEEL | flagged @ $3.24 → T+7 @ $3.03 | return: -6.48%
  CRDL | flagged @ $1.36 → T+7 @ $1.38 | return: +1.47%
  MIGI | flagged @ $5.97 → T+7 @ $4.71 | return: -21.11%
  AIXI | flagged @ $1.08 → T+7 @ $0.9737 | return: -9.84%
  TLRY | flagged @ $6.94 → T+7 @ $6.24 | return: -10.09%
  AKAN | flagged @ $9.37 → T+7 @ $48.96 | return: +422.52%
  ACIU | flagged @ $2.97 → T+7 @ $3.03 | return: +2.02%
  CHAR | flagged @ $10.64 → T+7 @ $10.73 | return: +0.85%
  IPW | flagged @ $1.07 → T+7 @ $0.874 | return: -18.32%
  QNCX | flagged @ $1.36 → T+7 @ $1.31 | return: -3.68%
  FFAI | flagged @ $0.39 → T+7 @ $0.4362 | return: +11.85%
  BURU | flagged @ $0.37 → T+7 @ $0.32 | return: -13.51%
  BMR | flagged @ $1.92 → T+7 @ $1.94 | return: +1.04%
  FCHL | flagged @ $0.17 → T+7 @ $0.1053 | return: -38.06%
  CYCU | flagged @ $1.0 → T+7 @ $1.05 | return: +5.00%
  NUAI | flagged @ $4.31 → T+7 @ $3.94 | return: -8.58%
  ILLR | flagged @ $0.26 → T+7 @ $0.238 | return: -8.46%
  SOS | flagged @ $1.23 → T+7 @ $1.19 | return: -3.25%
  IBRX | flagged @ $8.19 → T+7 @ $7.1 | return: -13.31%
  MEHA | flagged @ $0.1 → T+7 @ $0.0937 | return: -6.30%
  SCWO | flagged @ $2.89 → T+7 @ $2.48 | return: -14.19%
  SHFS | flagged @ $0.87 → T+7 @ $0.7902 | return: -9.17%
  BIRD | flagged @ $8.01 → T+7 @ $6.5 | return: -18.85%
  WSHP | flagged @ $10.36 → T+7 @ $9.13 | return: -11.87%
  SRXH | flagged @ $0.12 → T+7 @ $0.1139 | return: -5.08%
  SPCE | flagged @ $2.71 → T+7 @ $2.38 | return: -12.18%
  NXXT | flagged @ $0.38 → T+7 @ $0.3703 | return: -2.55%
  JTAI | flagged @ $7.69 → T+7 @ $6.81 | return: -11.44%
  FLWS | flagged @ $3.78 → T+7 @ $3.54 | return: -6.35%
  ANNA | flagged @ $4.35 → T+7 @ $3.81 | return: -12.41%
  TACO | flagged @ $10.3 → T+7 @ $10.35 | return: +0.49%
  EDBL | flagged @ $0.55 → T+7 @ $0.52 | return: -5.45%
  SGRY | flagged @ $14.63 → T+7 @ $14.03 | return: -4.10%
  LINK | flagged @ $2.85 → T+7 @ $2.81 | return: -1.40%
  LCID | flagged @ $6.27 → T+7 @ $6.37 | return: +1.59%
  YCBD | flagged @ $1.01 → T+7 @ $0.8688 | return: -13.98%
  HTZ | flagged @ $5.9 → T+7 @ $6.36 | return: +7.80%

✓ Price updater complete — 185 records updated
=== Price updater done at Fri May  1 10:10:18 UTC 2026 ===
